[{"name":"appReact","file":"./js/comp/appReact.js","info":[],"example":["React.render(\nReact.createElement(MenuExample, {items:  ['Home', 'Services', 'About', 'Contact us'] }),\ndocument.body\n);"],"inherit":[],"dependencies":[],"customName":"testappReact"},{"name":"appReactWithInfo","file":"./js/comp/appReactWithInfo.js","info":["This is a brand new component"],"example":["React.render(\nReact.createElement(MenuExample, {items:  ['Home', 'Services', 'About', 'Contact us'] }),\ndocument.body\n);"],"inherit":[],"dependencies":[],"customName":"testappReactWithInfo"}]