<!DOCTYPE html>
<html>
	<head>
		<title>app</title>        
		<link rel="stylesheet" type="text/css" href="../css/iframe.css">        
		<!-- ENDLIBS-->
		<!-- Component-->
	</head>
	<body>
		<button id="button-ct"></button>
	</body>
	<script type="text/javascript" src="../js/iframe.js"></script>
	<script type="text/javascript" src=".././js/comp/app.js"></script>
	<script type="text/javascript">
		Ext.onReady( function() {
		new Ext.SplitButton({
renderTo: 'button-ct', // the container id
text: 'Options',
menu: new Ext.menu.Menu({
items: [
// these items will render as dropdown menu items when the arrow is clicked:
{text: 'Item 1'},
{text: 'Item 2'}
]
})
}); 
		});
	</script>
</html>