<!DOCTYPE html>
<html>
	<head>
		<title>ColorPalette</title>        
		<link rel="stylesheet" type="text/css" href="../css/iframe.css">        
		<!-- ENDLIBS-->
		<!-- Component-->
	</head>
	<body>
		<button id="button-ct"></button>
	</body>
	<script type="text/javascript" src="../js/iframe.js"></script>
	<script type="text/javascript" src=".././js/comp/ColorPalette.js"></script>
	<script type="text/javascript">
		Ext.onReady( function() {
		var cp = new Ext.ColorPalette({value:'993300'});  // initial selected color
cp.render(Ext.getBody()); 
		});
	</script>
</html>