<!DOCTYPE html>
<html>
	<head>
		<title>CycleButton</title>        
		<link rel="stylesheet" type="text/css" href="../css/iframe.css">        
		<!-- ENDLIBS-->
		<!-- Component-->
	</head>
	<body>
		<button id="button-ct"></button>
	</body>
	<script type="text/javascript" src="../js/iframe.js"></script>
	<script type="text/javascript" src=".././js/comp/CycleButton.js"></script>
	<script type="text/javascript">
		Ext.onReady( function() {
		var btn = new Ext.CycleButton({
showText: true,
prependText: 'View as ',
renderTo: document.body,
items: [{
text:'text only',
iconCls:'view-text',
checked:true
},{
text:'HTML',
iconCls:'view-html'
}],
changeHandler:function(btn, item){
Ext.Msg.alert('Change View', item.text);
}
});
btn.show(); 
		});
	</script>
</html>