<!DOCTYPE html>
<html>
	<head>
		<title>Lyra</title>        
		<link rel="stylesheet" type="text/css" href="../css/iframe.css">        
		<!-- ENDLIBS-->
		<!-- Component-->
	</head>
	<body>
		<button id="button-ct"></button>
	</body>
	<script type="text/javascript" src="../js/iframe.js"></script>
	<script type="text/javascript" src=".././js/comp/Lyra.Window.js"></script>
	<script type="text/javascript">
		Ext.onReady( function() {
		var myLyraWin = new Lyra.Window({
renderTo: Ext.getBody(),
width: 400,
height: 300,
items: [
{  width: '100%',
height: '100%',
title: 'Container Panel',
xtype:'panel'}
]
});
myLyraWin.show(); 
		});
	</script>
</html>