<!DOCTYPE html>
<html>
	<head>
		<title>Toolbar</title>        
		<link rel="stylesheet" type="text/css" href="../css/iframe.css">        
		<!-- ENDLIBS-->
		<!-- Component-->
	</head>
	<body>
		<button id="button-ct"></button>
	</body>
	<script type="text/javascript" src="../js/iframe.js"></script>
	<script type="text/javascript" src=".././js/comp/Toolbar.js"></script>
	<script type="text/javascript">
		Ext.onReady( function() {
		var tb = new Ext.Toolbar({
renderTo: document.body,
width: 600,
height: 100,
items: [
{
// xtype: 'button', // default for Toolbars, same as 'tbbutton'
text: 'Button'
},
{
xtype: 'splitbutton', // same as 'tbsplitbutton'
text: 'Split Button'
},
// begin using the right-justified button container
'-&gt;', // same as {xtype: 'tbfill'}, // Ext.Toolbar.Fill
{
xtype: 'textfield',
name: 'field1',
emptyText: 'enter search term'
},
// add a vertical separator bar between toolbar items
'-', // same as {xtype: 'tbseparator'} to create Ext.Toolbar.Separator
'text 1', // same as {xtype: 'tbtext', text: 'text1'} to create Ext.Toolbar.TextItem
{xtype: 'tbspacer'},// same as ' ' to create Ext.Toolbar.Spacer
'text 2',
{xtype: 'tbspacer', width: 50}, // add a 50px space
'text 3'
]
}); 
		});
	</script>
</html>