<!DOCTYPE html>
<html>
	<head>
		<title>Viewport</title>        
		<link rel="stylesheet" type="text/css" href="../css/iframe.css">        
		<!-- ENDLIBS-->
		<!-- Component-->
	</head>
	<body>
		<button id="button-ct"></button>
	</body>
	<script type="text/javascript" src="../js/iframe.js"></script>
	<script type="text/javascript" src=".././js/comp/Viewport.js"></script>
	<script type="text/javascript">
		Ext.onReady( function() {
		new Ext.Viewport({
layout: 'border',
items: [{
region: 'north',
autoHeight: true,
border: false,
margins: '0 0 5 0'
}, {
region: 'west',
collapsible: true,
title: 'Navigation',
width: 200
}, {
region: 'south',
title: 'Title for Panel',
collapsible: true,
html: 'Information goes here',
split: true,
height: 100,
minHeight: 100
}, {
region: 'east',
title: 'Title for the Grid Panel',
collapsible: true,
split: true,
width: 200,
// remaining grid configuration not shown ...
// notice that the GridPanel is added directly as the region
// it is not &quot;overnested&quot; inside another Panel
}, {
region: 'center',
xtype: 'tabpanel', // TabPanel itself has no title
items: {
title: 'Default Tab',
html: 'The first tab\'s content. Others may be added dynamically'
}
}]
}); 
		});
	</script>
</html>