<!DOCTYPE html>
<html>
	<head>
		<script src="../js/gallery.js"></script>
		<link rel="stylesheet" href="../css/gallery.css">
		<title>ColorPalette</title>
	</head>
	<body>
		<row>
			<div class="col-lg-12">
				<h1>ColorPalette</h1>
			</div>
		</row>
		<row>
			<div class="col-lg-6 col-md-6 col-sm-6 col-xs-12">
				<iframe src="../iframe/ColorPalette.html"></iframe>
			</div>
			<div class="col-lg-6 col-md-6 col-sm-6 col-xs-12">
				<textarea id="myTx">var cp = new Ext.ColorPalette({value:'993300'});  // initial selected color
cp.render(Ext.getBody());</textarea>
			</div>
		</row>
		<script type="text/javascript">
			/*tanks to Marijn Haverbeke */
			var indentAll = function(cm) { 
			    var last = cm.lineCount(); 
			    cm.operation(function() { 
			        for (var i = 0; i < last; ++i) cm.indentLine(i); 
			    }); 
			} 
			var myCodeMirror = CodeMirror.fromTextArea(document.getElementById('myTx'), {
			mode:  "javascript",
			lineNumbers: true,
			}); 
			indentAll(myCodeMirror);
		</script>
	</body>
</html>