<!DOCTYPE html>
<html>
	<head>
		<meta http-equiv="content-type" content="text/html; charset=UTF-8">
		<title>appReact</title>        
		<link rel="stylesheet" type="text/css" href="../css/iframe.css">
		<script type="text/javascript" src="../js/iframe.js"></script>
		<!-- LIBS-->
		<!-- Component-->
		<script type="text/javascript" src=".././js/comp/appReact.js"></script>
	</head>
	<body>
		<h1>appReact</h1>
		<div id="body"></div>
		<button id="button-ct"></button>
	</body>
	<script type="text/javascript" id="ex">
		//beginExample
		React.render(
React.createElement(MenuExample, {items:  ['Home', 'Services', 'About', 'Contact us'] }),
document.body
);
		//endExample
	</script>
</html>